Archive member included to satisfy reference by file (symbol)

c:/st/stm32cubeide_1.11.0/stm32cubeide/plugins/com.st.stm32cube.ide.mcu.externaltools.gnu-tools-for-stm32.10.3-2021.10.win32_1.0.100.202210260954/tools/bin/../lib/gcc/arm-none-eabi/10.3.1/../../../../arm-none-eabi/lib/thumb/v7e-m+fp/hard\libc_nano.a(lib_a-errno.o)
                              ./Core/Src/syscalls.o (__errno)
c:/st/stm32cubeide_1.11.0/stm32cubeide/plugins/com.st.stm32cube.ide.mcu.externaltools.gnu-tools-for-stm32.10.3-2021.10.win32_1.0.100.202210260954/tools/bin/../lib/gcc/arm-none-eabi/10.3.1/../../../../arm-none-eabi/lib/thumb/v7e-m+fp/hard\libc_nano.a(lib_a-exit.o)
                              c:/st/stm32cubeide_1.11.0/stm32cubeide/plugins/com.st.stm32cube.ide.mcu.externaltools.gnu-tools-for-stm32.10.3-2021.10.win32_1.0.100.202210260954/tools/bin/../lib/gcc/arm-none-eabi/10.3.1/../../../../arm-none-eabi/lib/thumb/v7e-m+fp/hard/crt0.o (exit)
c:/st/stm32cubeide_1.11.0/stm32cubeide/plugins/com.st.stm32cube.ide.mcu.externaltools.gnu-tools-for-stm32.10.3-2021.10.win32_1.0.100.202210260954/tools/bin/../lib/gcc/arm-none-eabi/10.3.1/../../../../arm-none-eabi/lib/thumb/v7e-m+fp/hard\libc_nano.a(lib_a-impure.o)
                              c:/st/stm32cubeide_1.11.0/stm32cubeide/plugins/com.st.stm32cube.ide.mcu.externaltools.gnu-tools-for-stm32.10.3-2021.10.win32_1.0.100.202210260954/tools/bin/../lib/gcc/arm-none-eabi/10.3.1/../../../../arm-none-eabi/lib/thumb/v7e-m+fp/hard\libc_nano.a(lib_a-exit.o) (_global_impure_ptr)
c:/st/stm32cubeide_1.11.0/stm32cubeide/plugins/com.st.stm32cube.ide.mcu.externaltools.gnu-tools-for-stm32.10.3-2021.10.win32_1.0.100.202210260954/tools/bin/../lib/gcc/arm-none-eabi/10.3.1/../../../../arm-none-eabi/lib/thumb/v7e-m+fp/hard\libc_nano.a(lib_a-init.o)
                              c:/st/stm32cubeide_1.11.0/stm32cubeide/plugins/com.st.stm32cube.ide.mcu.externaltools.gnu-tools-for-stm32.10.3-2021.10.win32_1.0.100.202210260954/tools/bin/../lib/gcc/arm-none-eabi/10.3.1/../../../../arm-none-eabi/lib/thumb/v7e-m+fp/hard/crt0.o (__libc_init_array)
c:/st/stm32cubeide_1.11.0/stm32cubeide/plugins/com.st.stm32cube.ide.mcu.externaltools.gnu-tools-for-stm32.10.3-2021.10.win32_1.0.100.202210260954/tools/bin/../lib/gcc/arm-none-eabi/10.3.1/../../../../arm-none-eabi/lib/thumb/v7e-m+fp/hard\libc_nano.a(lib_a-memcpy-stub.o)
                              ./FreeRTOS/queue.o (memcpy)
c:/st/stm32cubeide_1.11.0/stm32cubeide/plugins/com.st.stm32cube.ide.mcu.externaltools.gnu-tools-for-stm32.10.3-2021.10.win32_1.0.100.202210260954/tools/bin/../lib/gcc/arm-none-eabi/10.3.1/../../../../arm-none-eabi/lib/thumb/v7e-m+fp/hard\libc_nano.a(lib_a-memset.o)
                              c:/st/stm32cubeide_1.11.0/stm32cubeide/plugins/com.st.stm32cube.ide.mcu.externaltools.gnu-tools-for-stm32.10.3-2021.10.win32_1.0.100.202210260954/tools/bin/../lib/gcc/arm-none-eabi/10.3.1/../../../../arm-none-eabi/lib/thumb/v7e-m+fp/hard/crt0.o (memset)
c:/st/stm32cubeide_1.11.0/stm32cubeide/plugins/com.st.stm32cube.ide.mcu.externaltools.gnu-tools-for-stm32.10.3-2021.10.win32_1.0.100.202210260954/tools/bin/../lib/gcc/arm-none-eabi/10.3.1/thumb/v7e-m+fp/hard\libgcc.a(_aeabi_uldivmod.o)
                              ./Drivers/STM32F4xx_HAL_Driver/Src/stm32f4xx_hal_rcc.o (__aeabi_uldivmod)
c:/st/stm32cubeide_1.11.0/stm32cubeide/plugins/com.st.stm32cube.ide.mcu.externaltools.gnu-tools-for-stm32.10.3-2021.10.win32_1.0.100.202210260954/tools/bin/../lib/gcc/arm-none-eabi/10.3.1/thumb/v7e-m+fp/hard\libgcc.a(_udivmoddi4.o)
                              c:/st/stm32cubeide_1.11.0/stm32cubeide/plugins/com.st.stm32cube.ide.mcu.externaltools.gnu-tools-for-stm32.10.3-2021.10.win32_1.0.100.202210260954/tools/bin/../lib/gcc/arm-none-eabi/10.3.1/thumb/v7e-m+fp/hard\libgcc.a(_aeabi_uldivmod.o) (__udivmoddi4)
c:/st/stm32cubeide_1.11.0/stm32cubeide/plugins/com.st.stm32cube.ide.mcu.externaltools.gnu-tools-for-stm32.10.3-2021.10.win32_1.0.100.202210260954/tools/bin/../lib/gcc/arm-none-eabi/10.3.1/thumb/v7e-m+fp/hard\libgcc.a(_dvmd_tls.o)
                              c:/st/stm32cubeide_1.11.0/stm32cubeide/plugins/com.st.stm32cube.ide.mcu.externaltools.gnu-tools-for-stm32.10.3-2021.10.win32_1.0.100.202210260954/tools/bin/../lib/gcc/arm-none-eabi/10.3.1/thumb/v7e-m+fp/hard\libgcc.a(_aeabi_uldivmod.o) (__aeabi_ldiv0)

Discarded input sections

 .text          0x0000000000000000        0x0 c:/st/stm32cubeide_1.11.0/stm32cubeide/plugins/com.st.stm32cube.ide.mcu.externaltools.gnu-tools-for-stm32.10.3-2021.10.win32_1.0.100.202210260954/tools/bin/../lib/gcc/arm-none-eabi/10.3.1/thumb/v7e-m+fp/hard/crti.o
 .data          0x0000000000000000        0x0 c:/st/stm32cubeide_1.11.0/stm32cubeide/plugins/com.st.stm32cube.ide.mcu.externaltools.gnu-tools-for-stm32.10.3-2021.10.win32_1.0.100.202210260954/tools/bin/../lib/gcc/arm-none-eabi/10.3.1/thumb/v7e-m+fp/hard/crti.o
[...]
Memory Configuration

Name             Origin             Length             Attributes
CCMRAM           0x0000000010000000 0x0000000000010000 xrw
RAM              0x0000000020000000 0x0000000000020000 xrw
FLASH            0x0000000008000000 0x0000000000100000 xr
*default*        0x0000000000000000 0xffffffffffffffff

Linker script and memory map

LOAD c:/st/stm32cubeide_1.11.0/stm32cubeide/plugins/com.st.stm32cube.ide.mcu.externaltools.gnu-tools-for-stm32.10.3-2021.10.win32_1.0.100.202210260954/tools/bin/../lib/gcc/arm-none-eabi/10.3.1/thumb/v7e-m+fp/hard/crti.o
LOAD c:/st/stm32cubeide_1.11.0/stm32cubeide/plugins/com.st.stm32cube.ide.mcu.externaltools.gnu-tools-for-stm32.10.3-2021.10.win32_1.0.100.202210260954/tools/bin/../lib/gcc/arm-none-eabi/10.3.1/thumb/v7e-m+fp/hard/crtbegin.o
LOAD c:/st/stm32cubeide_1.11.0/stm32cubeide/plugins/com.st.stm32cube.ide.mcu.externaltools.gnu-tools-for-stm32.10.3-2021.10.win32_1.0.100.202210260954/tools/bin/../lib/gcc/arm-none-eabi/10.3.1/../../../../arm-none-eabi/lib/thumb/v7e-m+fp/hard/crt0.o
LOAD ./Core/Src/main.o
LOAD ./Core/Src/stm32f4xx_hal_msp.o
LOAD ./Core/Src/stm32f4xx_hal_timebase_tim.o
LOAD ./Core/Src/stm32f4xx_it.o
LOAD ./Core/Src/syscalls.o
LOAD ./Core/Src/sysmem.o
LOAD ./Core/Src/system_stm32f4xx.o
LOAD ./Core/Startup/startup_stm32f407vgtx.o
LOAD ./Drivers/STM32F4xx_HAL_Driver/Src/stm32f4xx_hal.o
LOAD ./Drivers/STM32F4xx_HAL_Driver/Src/stm32f4xx_hal_cortex.o
LOAD ./Drivers/STM32F4xx_HAL_Driver/Src/stm32f4xx_hal_dma.o
LOAD ./Drivers/STM32F4xx_HAL_Driver/Src/stm32f4xx_hal_dma_ex.o
LOAD ./Drivers/STM32F4xx_HAL_Driver/Src/stm32f4xx_hal_exti.o
LOAD ./Drivers/STM32F4xx_HAL_Driver/Src/stm32f4xx_hal_flash.o
LOAD ./Drivers/STM32F4xx_HAL_Driver/Src/stm32f4xx_hal_flash_ex.o
LOAD ./Drivers/STM32F4xx_HAL_Driver/Src/stm32f4xx_hal_flash_ramfunc.o
LOAD ./Drivers/STM32F4xx_HAL_Driver/Src/stm32f4xx_hal_gpio.o
LOAD ./Drivers/STM32F4xx_HAL_Driver/Src/stm32f4xx_hal_pwr.o
LOAD ./Drivers/STM32F4xx_HAL_Driver/Src/stm32f4xx_hal_pwr_ex.o
LOAD ./Drivers/STM32F4xx_HAL_Driver/Src/stm32f4xx_hal_rcc.o
LOAD ./Drivers/STM32F4xx_HAL_Driver/Src/stm32f4xx_hal_rcc_ex.o
LOAD ./Drivers/STM32F4xx_HAL_Driver/Src/stm32f4xx_hal_spi.o
LOAD ./Drivers/STM32F4xx_HAL_Driver/Src/stm32f4xx_hal_tim.o
LOAD ./Drivers/STM32F4xx_HAL_Driver/Src/stm32f4xx_hal_tim_ex.o
LOAD ./FreeRTOS/croutine.o
LOAD ./FreeRTOS/event_groups.o
LOAD ./FreeRTOS/list.o
LOAD ./FreeRTOS/queue.o
LOAD ./FreeRTOS/stream_buffer.o
LOAD ./FreeRTOS/tasks.o
LOAD ./FreeRTOS/timers.o
LOAD ./FreeRTOS/portable/ARM_CM4F/port.o
LOAD ./FreeRTOS/portable/MemMang/heap_4.o
START GROUP
LOAD c:/st/stm32cubeide_1.11.0/stm32cubeide/plugins/com.st.stm32cube.ide.mcu.externaltools.gnu-tools-for-stm32.10.3-2021.10.win32_1.0.100.202210260954/tools/bin/../lib/gcc/arm-none-eabi/10.3.1/../../../../arm-none-eabi/lib/thumb/v7e-m+fp/hard\libc_nano.a
LOAD c:/st/stm32cubeide_1.11.0/stm32cubeide/plugins/com.st.stm32cube.ide.mcu.externaltools.gnu-tools-for-stm32.10.3-2021.10.win32_1.0.100.202210260954/tools/bin/../lib/gcc/arm-none-eabi/10.3.1/../../../../arm-none-eabi/lib/thumb/v7e-m+fp/hard\libm.a
END GROUP
START GROUP
LOAD c:/st/stm32cubeide_1.11.0/stm32cubeide/plugins/com.st.stm32cube.ide.mcu.externaltools.gnu-tools-for-stm32.10.3-2021.10.win32_1.0.100.202210260954/tools/bin/../lib/gcc/arm-none-eabi/10.3.1/thumb/v7e-m+fp/hard\libgcc.a
LOAD c:/st/stm32cubeide_1.11.0/stm32cubeide/plugins/com.st.stm32cube.ide.mcu.externaltools.gnu-tools-for-stm32.10.3-2021.10.win32_1.0.100.202210260954/tools/bin/../lib/gcc/arm-none-eabi/10.3.1/../../../../arm-none-eabi/lib/thumb/v7e-m+fp/hard\libc_nano.a
END GROUP
START GROUP
LOAD c:/st/stm32cubeide_1.11.0/stm32cubeide/plugins/com.st.stm32cube.ide.mcu.externaltools.gnu-tools-for-stm32.10.3-2021.10.win32_1.0.100.202210260954/tools/bin/../lib/gcc/arm-none-eabi/10.3.1/thumb/v7e-m+fp/hard\libgcc.a
LOAD c:/st/stm32cubeide_1.11.0/stm32cubeide/plugins/com.st.stm32cube.ide.mcu.externaltools.gnu-tools-for-stm32.10.3-2021.10.win32_1.0.100.202210260954/tools/bin/../lib/gcc/arm-none-eabi/10.3.1/../../../../arm-none-eabi/lib/thumb/v7e-m+fp/hard\libc_nano.a
LOAD c:/st/stm32cubeide_1.11.0/stm32cubeide/plugins/com.st.stm32cube.ide.mcu.externaltools.gnu-tools-for-stm32.10.3-2021.10.win32_1.0.100.202210260954/tools/bin/../lib/gcc/arm-none-eabi/10.3.1/../../../../arm-none-eabi/lib/thumb/v7e-m+fp/hard\libnosys.a
END GROUP
START GROUP
LOAD c:/st/stm32cubeide_1.11.0/stm32cubeide/plugins/com.st.stm32cube.ide.mcu.externaltools.gnu-tools-for-stm32.10.3-2021.10.win32_1.0.100.202210260954/tools/bin/../lib/gcc/arm-none-eabi/10.3.1/thumb/v7e-m+fp/hard\libgcc.a
LOAD c:/st/stm32cubeide_1.11.0/stm32cubeide/plugins/com.st.stm32cube.ide.mcu.externaltools.gnu-tools-for-stm32.10.3-2021.10.win32_1.0.100.202210260954/tools/bin/../lib/gcc/arm-none-eabi/10.3.1/../../../../arm-none-eabi/lib/thumb/v7e-m+fp/hard\libc_nano.a
LOAD c:/st/stm32cubeide_1.11.0/stm32cubeide/plugins/com.st.stm32cube.ide.mcu.externaltools.gnu-tools-for-stm32.10.3-2021.10.win32_1.0.100.202210260954/tools/bin/../lib/gcc/arm-none-eabi/10.3.1/../../../../arm-none-eabi/lib/thumb/v7e-m+fp/hard\libnosys.a
END GROUP
LOAD c:/st/stm32cubeide_1.11.0/stm32cubeide/plugins/com.st.stm32cube.ide.mcu.externaltools.gnu-tools-for-stm32.10.3-2021.10.win32_1.0.100.202210260954/tools/bin/../lib/gcc/arm-none-eabi/10.3.1/thumb/v7e-m+fp/hard/crtend.o
LOAD c:/st/stm32cubeide_1.11.0/stm32cubeide/plugins/com.st.stm32cube.ide.mcu.externaltools.gnu-tools-for-stm32.10.3-2021.10.win32_1.0.100.202210260954/tools/bin/../lib/gcc/arm-none-eabi/10.3.1/thumb/v7e-m+fp/hard/crtn.o
                0x0000000020020000                _estack = (ORIGIN (RAM) + LENGTH (RAM))
                0x0000000000000200                _Min_Heap_Size = 0x200
                0x0000000000000400                _Min_Stack_Size = 0x400

.isr_vector     0x0000000008000000      0x188
                0x0000000008000000                . = ALIGN (0x4)
 *(.isr_vector)
 .isr_vector    0x0000000008000000      0x188 ./Core/Startup/startup_stm32f407vgtx.o
                0x0000000008000000                g_pfnVectors
                0x0000000008000188                . = ALIGN (0x4)

.text           0x0000000008000190     0x5278
                0x0000000008000190                . = ALIGN (0x4)
 *(.text)
 .text          0x0000000008000190       0x40 c:/st/stm32cubeide_1.11.0/stm32cubeide/plugins/com.st.stm32cube.ide.mcu.externaltools.gnu-tools-for-stm32.10.3-2021.10.win32_1.0.100.202210260954/tools/bin/../lib/gcc/arm-none-eabi/10.3.1/thumb/v7e-m+fp/hard/crtbegin.o
 .text          0x00000000080001d0       0x30 c:/st/stm32cubeide_1.11.0/stm32cubeide/plugins/com.st.stm32cube.ide.mcu.externaltools.gnu-tools-for-stm32.10.3-2021.10.win32_1.0.100.202210260954/tools/bin/../lib/gcc/arm-none-eabi/10.3.1/thumb/v7e-m+fp/hard\libgcc.a(_aeabi_uldivmod.o)
                0x00000000080001d0                __aeabi_uldivmod
 .text          0x0000000008000200      0x2d0 c:/st/stm32cubeide_1.11.0/stm32cubeide/plugins/com.st.stm32cube.ide.mcu.externaltools.gnu-tools-for-stm32.10.3-2021.10.win32_1.0.100.202210260954/tools/bin/../lib/gcc/arm-none-eabi/10.3.1/thumb/v7e-m+fp/hard\libgcc.a(_udivmoddi4.o)
                0x0000000008000200                __udivmoddi4
 .text          0x00000000080004d0        0x4 c:/st/stm32cubeide_1.11.0/stm32cubeide/plugins/com.st.stm32cube.ide.mcu.externaltools.gnu-tools-for-stm32.10.3-2021.10.win32_1.0.100.202210260954/tools/bin/../lib/gcc/arm-none-eabi/10.3.1/thumb/v7e-m+fp/hard\libgcc.a(_dvmd_tls.o)
                0x00000000080004d0                __aeabi_idiv0
                0x00000000080004d0                __aeabi_ldiv0
 *(.text*)
 .text.MEMS_Write
                0x00000000080004d4       0x4c ./Core/Src/main.o
                0x00000000080004d4                MEMS_Write
 .text.SensorInit
                0x0000000008000520       0x58 ./Core/Src/main.o
                0x0000000008000520                SensorInit
 .text.Green_LED_Task
                0x0000000008000578       0x38 ./Core/Src/main.o
                0x0000000008000578                Green_LED_Task
 .text.vHandlerTask
                0x00000000080005b0       0x5c ./Core/Src/main.o
                0x00000000080005b0                vHandlerTask
 .text.HAL_GPIO_EXTI_Callback
                0x000000000800060c       0x54 ./Core/Src/main.o
                0x000000000800060c                HAL_GPIO_EXTI_Callback
 .text.main     0x0000000008000660       0x68 ./Core/Src/main.o
                0x0000000008000660                main
 .text.SystemClock_Config
                0x00000000080006c8       0xd4 ./Core/Src/main.o
                0x00000000080006c8                SystemClock_Config
 .text.MX_SPI1_Init
                0x000000000800079c       0x6c ./Core/Src/main.o
 .text.MX_GPIO_Init
                0x0000000008000808      0x2ac ./Core/Src/main.o
 .text.HAL_TIM_PeriodElapsedCallback
                0x0000000008000ab4       0x24 ./Core/Src/main.o
                0x0000000008000ab4                HAL_TIM_PeriodElapsedCallback
 .text.Error_Handler
                0x0000000008000ad8        0xa ./Core/Src/main.o
                0x0000000008000ad8                Error_Handler
 *fill*         0x0000000008000ae2        0x2 
 .text.HAL_MspInit
                0x0000000008000ae4       0x50 ./Core/Src/stm32f4xx_hal_msp.o
                0x0000000008000ae4                HAL_MspInit
 .text.HAL_SPI_MspInit
                0x0000000008000b34       0x90 ./Core/Src/stm32f4xx_hal_msp.o
                0x0000000008000b34                HAL_SPI_MspInit
 .text.HAL_InitTick
                0x0000000008000bc4       0xf8 ./Core/Src/stm32f4xx_hal_timebase_tim.o
                0x0000000008000bc4                HAL_InitTick
 .text.NMI_Handler
                0x0000000008000cbc        0x6 ./Core/Src/stm32f4xx_it.o
                0x0000000008000cbc                NMI_Handler
 .text.HardFault_Handler
                0x0000000008000cc2        0x6 ./Core/Src/stm32f4xx_it.o
                0x0000000008000cc2                HardFault_Handler
 .text.MemManage_Handler
                0x0000000008000cc8        0x6 ./Core/Src/stm32f4xx_it.o
                0x0000000008000cc8                MemManage_Handler
 .text.BusFault_Handler
                0x0000000008000cce        0x6 ./Core/Src/stm32f4xx_it.o
                0x0000000008000cce                BusFault_Handler
 .text.UsageFault_Handler
                0x0000000008000cd4        0x6 ./Core/Src/stm32f4xx_it.o
                0x0000000008000cd4                UsageFault_Handler
 .text.DebugMon_Handler
                0x0000000008000cda        0xe ./Core/Src/stm32f4xx_it.o
                0x0000000008000cda                DebugMon_Handler
 .text.EXTI0_IRQHandler
                0x0000000008000ce8        0xe ./Core/Src/stm32f4xx_it.o
                0x0000000008000ce8                EXTI0_IRQHandler
 *fill*         0x0000000008000cf6        0x2 
 .text.TIM7_IRQHandler
                0x0000000008000cf8       0x14 ./Core/Src/stm32f4xx_it.o
                0x0000000008000cf8                TIM7_IRQHandler
 .text.SystemInit
                0x0000000008000d0c       0x24 ./Core/Src/system_stm32f4xx.o
                0x0000000008000d0c                SystemInit
 .text.Reset_Handler
                0x0000000008000d30       0x50 ./Core/Startup/startup_stm32f407vgtx.o
                0x0000000008000d30                Reset_Handler
 .text.Default_Handler
                0x0000000008000d80        0x2 ./Core/Startup/startup_stm32f407vgtx.o
                0x0000000008000d80                RTC_Alarm_IRQHandler
                0x0000000008000d80                HASH_RNG_IRQHandler
                0x0000000008000d80                EXTI2_IRQHandler
                0x0000000008000d80                TIM8_CC_IRQHandler
                0x0000000008000d80                TIM1_CC_IRQHandler
                0x0000000008000d80                DMA2_Stream5_IRQHandler
                0x0000000008000d80                DMA1_Stream5_IRQHandler
                0x0000000008000d80                PVD_IRQHandler
                0x0000000008000d80                SDIO_IRQHandler
                0x0000000008000d80                TAMP_STAMP_IRQHandler
                0x0000000008000d80                CAN2_RX1_IRQHandler
                0x0000000008000d80                EXTI3_IRQHandler
                0x0000000008000d80                TIM8_TRG_COM_TIM14_IRQHandler
                0x0000000008000d80                TIM1_UP_TIM10_IRQHandler
                0x0000000008000d80                TIM8_UP_TIM13_IRQHandler
                0x0000000008000d80                I2C3_ER_IRQHandler
                0x0000000008000d80                I2C2_EV_IRQHandler
                0x0000000008000d80                DMA1_Stream2_IRQHandler
                0x0000000008000d80                CAN1_RX0_IRQHandler
                0x0000000008000d80                FPU_IRQHandler
                0x0000000008000d80                OTG_HS_WKUP_IRQHandler
                0x0000000008000d80                CAN2_SCE_IRQHandler
                0x0000000008000d80                DMA2_Stream2_IRQHandler
                0x0000000008000d80                SPI1_IRQHandler
                0x0000000008000d80                TIM6_DAC_IRQHandler
                0x0000000008000d80                TIM1_BRK_TIM9_IRQHandler
                0x0000000008000d80                DCMI_IRQHandler
                0x0000000008000d80                CAN2_RX0_IRQHandler
                0x0000000008000d80                DMA2_Stream3_IRQHandler
                0x0000000008000d80                USART6_IRQHandler
                0x0000000008000d80                USART3_IRQHandler
                0x0000000008000d80                CAN1_RX1_IRQHandler
                0x0000000008000d80                UART5_IRQHandler
                0x0000000008000d80                DMA2_Stream0_IRQHandler
                0x0000000008000d80                TIM4_IRQHandler
                0x0000000008000d80                I2C1_EV_IRQHandler
                0x0000000008000d80                DMA1_Stream6_IRQHandler
                0x0000000008000d80                DMA1_Stream1_IRQHandler
                0x0000000008000d80                UART4_IRQHandler
                0x0000000008000d80                TIM3_IRQHandler
                0x0000000008000d80                RCC_IRQHandler
                0x0000000008000d80                TIM8_BRK_TIM12_IRQHandler
                0x0000000008000d80                Default_Handler
                0x0000000008000d80                EXTI15_10_IRQHandler
                0x0000000008000d80                ADC_IRQHandler
                0x0000000008000d80                DMA1_Stream7_IRQHandler
                0x0000000008000d80                CAN2_TX_IRQHandler
                0x0000000008000d80                TIM5_IRQHandler
                0x0000000008000d80                DMA2_Stream7_IRQHandler
                0x0000000008000d80                I2C3_EV_IRQHandler
                0x0000000008000d80                EXTI9_5_IRQHandler
                0x0000000008000d80                RTC_WKUP_IRQHandler
                0x0000000008000d80                ETH_WKUP_IRQHandler
                0x0000000008000d80                SPI2_IRQHandler
                0x0000000008000d80                OTG_HS_EP1_IN_IRQHandler
                0x0000000008000d80                DMA1_Stream0_IRQHandler
                0x0000000008000d80                CAN1_TX_IRQHandler
                0x0000000008000d80                EXTI4_IRQHandler
                0x0000000008000d80                FSMC_IRQHandler
                0x0000000008000d80                ETH_IRQHandler
                0x0000000008000d80                OTG_HS_EP1_OUT_IRQHandler
                0x0000000008000d80                WWDG_IRQHandler
                0x0000000008000d80                TIM2_IRQHandler
                0x0000000008000d80                OTG_FS_WKUP_IRQHandler
                0x0000000008000d80                TIM1_TRG_COM_TIM11_IRQHandler
                0x0000000008000d80                OTG_HS_IRQHandler
                0x0000000008000d80                EXTI1_IRQHandler
                0x0000000008000d80                USART2_IRQHandler
                0x0000000008000d80                I2C2_ER_IRQHandler
                0x0000000008000d80                DMA2_Stream1_IRQHandler
                0x0000000008000d80                CAN1_SCE_IRQHandler
                0x0000000008000d80                FLASH_IRQHandler
                0x0000000008000d80                DMA2_Stream4_IRQHandler
                0x0000000008000d80                USART1_IRQHandler
                0x0000000008000d80                OTG_FS_IRQHandler
                0x0000000008000d80                SPI3_IRQHandler
                0x0000000008000d80                DMA1_Stream4_IRQHandler
                0x0000000008000d80                I2C1_ER_IRQHandler
                0x0000000008000d80                DMA2_Stream6_IRQHandler
                0x0000000008000d80                DMA1_Stream3_IRQHandler
 *fill*         0x0000000008000d82        0x2 
 .text.HAL_Init
                0x0000000008000d84       0x44 ./Drivers/STM32F4xx_HAL_Driver/Src/stm32f4xx_hal.o
                0x0000000008000d84                HAL_Init
 .text.HAL_IncTick
                0x0000000008000dc8       0x28 ./Drivers/STM32F4xx_HAL_Driver/Src/stm32f4xx_hal.o
                0x0000000008000dc8                HAL_IncTick
 .text.HAL_GetTick
                0x0000000008000df0       0x18 ./Drivers/STM32F4xx_HAL_Driver/Src/stm32f4xx_hal.o
                0x0000000008000df0                HAL_GetTick
 .text.__NVIC_SetPriorityGrouping
                0x0000000008000e08       0x48 ./Drivers/STM32F4xx_HAL_Driver/Src/stm32f4xx_hal_cortex.o
 .text.__NVIC_GetPriorityGrouping
                0x0000000008000e50       0x1c ./Drivers/STM32F4xx_HAL_Driver/Src/stm32f4xx_hal_cortex.o
 .text.__NVIC_EnableIRQ
                0x0000000008000e6c       0x3c ./Drivers/STM32F4xx_HAL_Driver/Src/stm32f4xx_hal_cortex.o
 .text.__NVIC_SetPriority
                0x0000000008000ea8       0x54 ./Drivers/STM32F4xx_HAL_Driver/Src/stm32f4xx_hal_cortex.o
 .text.NVIC_EncodePriority
                0x0000000008000efc       0x66 ./Drivers/STM32F4xx_HAL_Driver/Src/stm32f4xx_hal_cortex.o
 .text.HAL_NVIC_SetPriorityGrouping
                0x0000000008000f62       0x16 ./Drivers/STM32F4xx_HAL_Driver/Src/stm32f4xx_hal_cortex.o
                0x0000000008000f62                HAL_NVIC_SetPriorityGrouping
 .text.HAL_NVIC_SetPriority
                0x0000000008000f78       0x38 ./Drivers/STM32F4xx_HAL_Driver/Src/stm32f4xx_hal_cortex.o
                0x0000000008000f78                HAL_NVIC_SetPriority
 .text.HAL_NVIC_EnableIRQ
                0x0000000008000fb0       0x1c ./Drivers/STM32F4xx_HAL_Driver/Src/stm32f4xx_hal_cortex.o
                0x0000000008000fb0                HAL_NVIC_EnableIRQ
 .text.HAL_GPIO_Init
                0x0000000008000fcc      0x338 ./Drivers/STM32F4xx_HAL_Driver/Src/stm32f4xx_hal_gpio.o
                0x0000000008000fcc                HAL_GPIO_Init
 .text.HAL_GPIO_WritePin
                0x0000000008001304       0x32 ./Drivers/STM32F4xx_HAL_Driver/Src/stm32f4xx_hal_gpio.o
                0x0000000008001304                HAL_GPIO_WritePin
 .text.HAL_GPIO_TogglePin
                0x0000000008001336       0x34 ./Drivers/STM32F4xx_HAL_Driver/Src/stm32f4xx_hal_gpio.o
                0x0000000008001336                HAL_GPIO_TogglePin
 *fill*         0x000000000800136a        0x2 
 .text.HAL_GPIO_EXTI_IRQHandler
                0x000000000800136c       0x30 ./Drivers/STM32F4xx_HAL_Driver/Src/stm32f4xx_hal_gpio.o
                0x000000000800136c                HAL_GPIO_EXTI_IRQHandler
 .text.HAL_RCC_OscConfig
                0x000000000800139c      0x4f0 ./Drivers/STM32F4xx_HAL_Driver/Src/stm32f4xx_hal_rcc.o
                0x000000000800139c                HAL_RCC_OscConfig
 .text.HAL_RCC_ClockConfig
                0x000000000800188c      0x1cc ./Drivers/STM32F4xx_HAL_Driver/Src/stm32f4xx_hal_rcc.o
                0x000000000800188c                HAL_RCC_ClockConfig
 .text.HAL_RCC_GetSysClockFreq
                0x0000000008001a58      0x20c ./Drivers/STM32F4xx_HAL_Driver/Src/stm32f4xx_hal_rcc.o
                0x0000000008001a58                HAL_RCC_GetSysClockFreq
 .text.HAL_RCC_GetHCLKFreq
                0x0000000008001c64       0x18 ./Drivers/STM32F4xx_HAL_Driver/Src/stm32f4xx_hal_rcc.o
                0x0000000008001c64                HAL_RCC_GetHCLKFreq
 .text.HAL_RCC_GetPCLK1Freq
                0x0000000008001c7c       0x28 ./Drivers/STM32F4xx_HAL_Driver/Src/stm32f4xx_hal_rcc.o
                0x0000000008001c7c                HAL_RCC_GetPCLK1Freq
 .text.HAL_RCC_GetClockConfig
                0x0000000008001ca4       0x64 ./Drivers/STM32F4xx_HAL_Driver/Src/stm32f4xx_hal_rcc.o
                0x0000000008001ca4                HAL_RCC_GetClockConfig
 .text.HAL_SPI_Init
                0x0000000008001d08      0x112 ./Drivers/STM32F4xx_HAL_Driver/Src/stm32f4xx_hal_spi.o
                0x0000000008001d08                HAL_SPI_Init
 .text.HAL_SPI_Transmit
                0x0000000008001e1a      0x278 ./Drivers/STM32F4xx_HAL_Driver/Src/stm32f4xx_hal_spi.o
                0x0000000008001e1a                HAL_SPI_Transmit
 *fill*         0x0000000008002092        0x2 
 .text.SPI_WaitFlagStateUntilTimeout
                0x0000000008002094      0x110 ./Drivers/STM32F4xx_HAL_Driver/Src/stm32f4xx_hal_spi.o
 .text.SPI_EndRxTxTransaction
                0x00000000080021a4       0x84 ./Drivers/STM32F4xx_HAL_Driver/Src/stm32f4xx_hal_spi.o
 .text.HAL_TIM_Base_Init
                0x0000000008002228       0x9e ./Drivers/STM32F4xx_HAL_Driver/Src/stm32f4xx_hal_tim.o
                0x0000000008002228                HAL_TIM_Base_Init
 .text.HAL_TIM_Base_MspInit
                0x00000000080022c6       0x14 ./Drivers/STM32F4xx_HAL_Driver/Src/stm32f4xx_hal_tim.o
                0x00000000080022c6                HAL_TIM_Base_MspInit
 *fill*         0x00000000080022da        0x2 
 .text.HAL_TIM_Base_Start_IT
                0x00000000080022dc       0xe0 ./Drivers/STM32F4xx_HAL_Driver/Src/stm32f4xx_hal_tim.o
                0x00000000080022dc                HAL_TIM_Base_Start_IT
 .text.HAL_TIM_IRQHandler
                0x00000000080023bc      0x210 ./Drivers/STM32F4xx_HAL_Driver/Src/stm32f4xx_hal_tim.o
                0x00000000080023bc                HAL_TIM_IRQHandler
 .text.HAL_TIM_OC_DelayElapsedCallback
                0x00000000080025cc       0x14 ./Drivers/STM32F4xx_HAL_Driver/Src/stm32f4xx_hal_tim.o
                0x00000000080025cc                HAL_TIM_OC_DelayElapsedCallback
 .text.HAL_TIM_IC_CaptureCallback
                0x00000000080025e0       0x14 ./Drivers/STM32F4xx_HAL_Driver/Src/stm32f4xx_hal_tim.o
                0x00000000080025e0                HAL_TIM_IC_CaptureCallback
 .text.HAL_TIM_PWM_PulseFinishedCallback
                0x00000000080025f4       0x14 ./Drivers/STM32F4xx_HAL_Driver/Src/stm32f4xx_hal_tim.o
                0x00000000080025f4                HAL_TIM_PWM_PulseFinishedCallback
 .text.HAL_TIM_TriggerCallback
                0x0000000008002608       0x14 ./Drivers/STM32F4xx_HAL_Driver/Src/stm32f4xx_hal_tim.o
                0x0000000008002608                HAL_TIM_TriggerCallback
 .text.TIM_Base_SetConfig
                0x000000000800261c      0x140 ./Drivers/STM32F4xx_HAL_Driver/Src/stm32f4xx_hal_tim.o
                0x000000000800261c                TIM_Base_SetConfig
 .text.HAL_TIMEx_CommutCallback
                0x000000000800275c       0x14 ./Drivers/STM32F4xx_HAL_Driver/Src/stm32f4xx_hal_tim_ex.o
                0x000000000800275c                HAL_TIMEx_CommutCallback
 .text.HAL_TIMEx_BreakCallback
                0x0000000008002770       0x14 ./Drivers/STM32F4xx_HAL_Driver/Src/stm32f4xx_hal_tim_ex.o
                0x0000000008002770                HAL_TIMEx_BreakCallback
 .text.vListInitialise
                0x0000000008002784       0x40 ./FreeRTOS/list.o
                0x0000000008002784                vListInitialise
 .text.vListInitialiseItem
                0x00000000080027c4       0x1a ./FreeRTOS/list.o
                0x00000000080027c4                vListInitialiseItem
 .text.vListInsertEnd
                0x00000000080027de       0x48 ./FreeRTOS/list.o
                0x00000000080027de                vListInsertEnd
 .text.vListInsert
                0x0000000008002826       0x72 ./FreeRTOS/list.o
                0x0000000008002826                vListInsert
 .text.uxListRemove
                0x0000000008002898       0x54 ./FreeRTOS/list.o
                0x0000000008002898                uxListRemove
 .text.xQueueGenericReset
                0x00000000080028ec       0xd0 ./FreeRTOS/queue.o
                0x00000000080028ec                xQueueGenericReset
 .text.xQueueGenericCreate
                0x00000000080029bc       0x78 ./FreeRTOS/queue.o
                0x00000000080029bc                xQueueGenericCreate
 .text.prvInitialiseNewQueue
                0x0000000008002a34       0x46 ./FreeRTOS/queue.o
 *fill*         0x0000000008002a7a        0x2 
 .text.xQueueGenericSend
                0x0000000008002a7c      0x1fc ./FreeRTOS/queue.o
                0x0000000008002a7c                xQueueGenericSend
 .text.xQueueGenericSendFromISR
                0x0000000008002c78      0x130 ./FreeRTOS/queue.o
                0x0000000008002c78                xQueueGenericSendFromISR
 .text.xQueueGiveFromISR
                0x0000000008002da8      0x11a ./FreeRTOS/queue.o
                0x0000000008002da8                xQueueGiveFromISR
 *fill*         0x0000000008002ec2        0x2 
 .text.xQueueReceive
                0x0000000008002ec4      0x1c0 ./FreeRTOS/queue.o
                0x0000000008002ec4                xQueueReceive
 .text.xQueueSemaphoreTake
                0x0000000008003084      0x218 ./FreeRTOS/queue.o
                0x0000000008003084                xQueueSemaphoreTake
 .text.prvGetDisinheritPriorityAfterTimeout
                0x000000000800329c       0x30 ./FreeRTOS/queue.o
 .text.prvCopyDataToQueue
                0x00000000080032cc       0xd4 ./FreeRTOS/queue.o
 .text.prvCopyDataFromQueue
                0x00000000080033a0       0x4c ./FreeRTOS/queue.o
 .text.prvUnlockQueue
                0x00000000080033ec       0xa4 ./FreeRTOS/queue.o
 .text.prvIsQueueEmpty
                0x0000000008003490       0x2c ./FreeRTOS/queue.o
 .text.prvIsQueueFull
                0x00000000080034bc       0x30 ./FreeRTOS/queue.o
 .text.vQueueAddToRegistry
                0x00000000080034ec       0x54 ./FreeRTOS/queue.o
                0x00000000080034ec                vQueueAddToRegistry
 .text.vQueueWaitForMessageRestricted
                0x0000000008003540       0x68 ./FreeRTOS/queue.o
                0x0000000008003540                vQueueWaitForMessageRestricted
 .text.xTaskCreate
                0x00000000080035a8       0x82 ./FreeRTOS/tasks.o
                0x00000000080035a8                xTaskCreate
 .text.prvInitialiseNewTask
                0x000000000800362a      0x11e ./FreeRTOS/tasks.o
 .text.prvAddNewTaskToReadyList
                0x0000000008003748       0xdc ./FreeRTOS/tasks.o
 .text.vTaskDelay
                0x0000000008003824       0x68 ./FreeRTOS/tasks.o
                0x0000000008003824                vTaskDelay
 .text.vTaskStartScheduler
                0x000000000800388c       0x9c ./FreeRTOS/tasks.o
                0x000000000800388c                vTaskStartScheduler
 .text.vTaskSuspendAll
                0x0000000008003928       0x1c ./FreeRTOS/tasks.o
                0x0000000008003928                vTaskSuspendAll
 .text.xTaskResumeAll
                0x0000000008003944      0x138 ./FreeRTOS/tasks.o
                0x0000000008003944                xTaskResumeAll
 .text.xTaskGetTickCount
                0x0000000008003a7c       0x20 ./FreeRTOS/tasks.o
                0x0000000008003a7c                xTaskGetTickCount
 .text.xTaskIncrementTick
                0x0000000008003a9c      0x170 ./FreeRTOS/tasks.o
                0x0000000008003a9c                xTaskIncrementTick
 .text.vTaskSwitchContext
                0x0000000008003c0c       0xb8 ./FreeRTOS/tasks.o
                0x0000000008003c0c                vTaskSwitchContext
 .text.vTaskPlaceOnEventList
                0x0000000008003cc4       0x48 ./FreeRTOS/tasks.o
                0x0000000008003cc4                vTaskPlaceOnEventList
 .text.vTaskPlaceOnEventListRestricted
                0x0000000008003d0c       0x58 ./FreeRTOS/tasks.o
                0x0000000008003d0c                vTaskPlaceOnEventListRestricted
 .text.xTaskRemoveFromEventList
                0x0000000008003d64       0xc4 ./FreeRTOS/tasks.o
                0x0000000008003d64                xTaskRemoveFromEventList
 .text.vTaskInternalSetTimeOutState
                0x0000000008003e28       0x2c ./FreeRTOS/tasks.o
                0x0000000008003e28                vTaskInternalSetTimeOutState
 .text.xTaskCheckForTimeOut
                0x0000000008003e54       0xc4 ./FreeRTOS/tasks.o
                0x0000000008003e54                xTaskCheckForTimeOut
 .text.vTaskMissedYield
                0x0000000008003f18       0x18 ./FreeRTOS/tasks.o
                0x0000000008003f18                vTaskMissedYield
 .text.prvIdleTask
                0x0000000008003f30       0x30 ./FreeRTOS/tasks.o
 .text.prvInitialiseTaskLists
                0x0000000008003f60       0x80 ./FreeRTOS/tasks.o
 .text.prvCheckTasksWaitingTermination
                0x0000000008003fe0       0x5c ./FreeRTOS/tasks.o
 .text.prvDeleteTCB
                0x000000000800403c       0x20 ./FreeRTOS/tasks.o
 .text.prvResetNextTaskUnblockTime
                0x000000000800405c       0x40 ./FreeRTOS/tasks.o
 .text.xTaskGetSchedulerState
                0x000000000800409c       0x3c ./FreeRTOS/tasks.o
                0x000000000800409c                xTaskGetSchedulerState
 .text.xTaskPriorityInherit
                0x00000000080040d8      0x100 ./FreeRTOS/tasks.o
                0x00000000080040d8                xTaskPriorityInherit
 .text.xTaskPriorityDisinherit
                0x00000000080041d8      0x10c ./FreeRTOS/tasks.o
                0x00000000080041d8                xTaskPriorityDisinherit
 .text.vTaskPriorityDisinheritAfterTimeout
                0x00000000080042e4      0x134 ./FreeRTOS/tasks.o
                0x00000000080042e4                vTaskPriorityDisinheritAfterTimeout
 .text.pvTaskIncrementMutexHeldCount
                0x0000000008004418       0x28 ./FreeRTOS/tasks.o
                0x0000000008004418                pvTaskIncrementMutexHeldCount
 .text.prvAddCurrentTaskToDelayedList
                0x0000000008004440       0xcc ./FreeRTOS/tasks.o
 .text.xTimerCreateTimerTask
                0x000000000800450c       0x64 ./FreeRTOS/timers.o
                0x000000000800450c                xTimerCreateTimerTask
 .text.xTimerGenericCommand
                0x0000000008004570       0x9c ./FreeRTOS/timers.o
                0x0000000008004570                xTimerGenericCommand
 .text.prvProcessExpiredTimer
                0x000000000800460c       0x98 ./FreeRTOS/timers.o
 .text.prvTimerTask
                0x00000000080046a4       0x24 ./FreeRTOS/timers.o
 .text.prvProcessTimerOrBlockTask
                0x00000000080046c8       0x9c ./FreeRTOS/timers.o
 .text.prvGetNextExpireTime
                0x0000000008004764       0x48 ./FreeRTOS/timers.o
 .text.prvSampleTimeNow
                0x00000000080047ac       0x40 ./FreeRTOS/timers.o
 .text.prvInsertTimerInActiveList
                0x00000000080047ec       0x84 ./FreeRTOS/timers.o
 .text.prvProcessReceivedCommands
                0x0000000008004870      0x18c ./FreeRTOS/timers.o
 .text.prvSwitchTimerLists
                0x00000000080049fc       0xc8 ./FreeRTOS/timers.o
 .text.prvCheckForValidListAndQueue
                0x0000000008004ac4       0x6c ./FreeRTOS/timers.o
 .text.pxPortInitialiseStack
                0x0000000008004b30       0x68 ./FreeRTOS/portable/ARM_CM4F/port.o
                0x0000000008004b30                pxPortInitialiseStack
 .text.prvTaskExitError
                0x0000000008004b98       0x58 ./FreeRTOS/portable/ARM_CM4F/port.o
 .text.SVC_Handler
                0x0000000008004bf0       0x28 ./FreeRTOS/portable/ARM_CM4F/port.o
                0x0000000008004bf0                SVC_Handler
 .text.prvPortStartFirstTask
                0x0000000008004c18       0x28 ./FreeRTOS/portable/ARM_CM4F/port.o
 .text.xPortStartScheduler
                0x0000000008004c40      0x144 ./FreeRTOS/portable/ARM_CM4F/port.o
                0x0000000008004c40                xPortStartScheduler
 .text.vPortEnterCritical
                0x0000000008004d84       0x60 ./FreeRTOS/portable/ARM_CM4F/port.o
                0x0000000008004d84                vPortEnterCritical
 .text.vPortExitCritical
                0x0000000008004de4       0x54 ./FreeRTOS/portable/ARM_CM4F/port.o
                0x0000000008004de4                vPortExitCritical
 *fill*         0x0000000008004e38        0x8 
 .text.PendSV_Handler
                0x0000000008004e40       0x68 ./FreeRTOS/portable/ARM_CM4F/port.o
                0x0000000008004e40                PendSV_Handler
 .text.SysTick_Handler
                0x0000000008004ea8       0x44 ./FreeRTOS/portable/ARM_CM4F/port.o
                0x0000000008004ea8                SysTick_Handler
 .text.vPortSetupTimerInterrupt
                0x0000000008004eec       0x48 ./FreeRTOS/portable/ARM_CM4F/port.o
                0x0000000008004eec                vPortSetupTimerInterrupt
 .text.vPortEnableVFP
                0x0000000008004f34       0x14 ./FreeRTOS/portable/ARM_CM4F/port.o
 .text.vPortValidateInterruptPriority
                0x0000000008004f48       0x80 ./FreeRTOS/portable/ARM_CM4F/port.o
                0x0000000008004f48                vPortValidateInterruptPriority
 .text.pvPortMalloc
                0x0000000008004fc8      0x188 ./FreeRTOS/portable/MemMang/heap_4.o
                0x0000000008004fc8                pvPortMalloc
 .text.vPortFree
                0x0000000008005150       0xb4 ./FreeRTOS/portable/MemMang/heap_4.o
                0x0000000008005150                vPortFree
 .text.prvHeapInit
                0x0000000008005204       0xc4 ./FreeRTOS/portable/MemMang/heap_4.o
 .text.prvInsertBlockIntoFreeList
                0x00000000080052c8       0xb4 ./FreeRTOS/portable/MemMang/heap_4.o
 .text.__libc_init_array
                0x000000000800537c       0x48 c:/st/stm32cubeide_1.11.0/stm32cubeide/plugins/com.st.stm32cube.ide.mcu.externaltools.gnu-tools-for-stm32.10.3-2021.10.win32_1.0.100.202210260954/tools/bin/../lib/gcc/arm-none-eabi/10.3.1/../../../../arm-none-eabi/lib/thumb/v7e-m+fp/hard\libc_nano.a(lib_a-init.o)
                0x000000000800537c                __libc_init_array
 .text.memcpy   0x00000000080053c4       0x1c c:/st/stm32cubeide_1.11.0/stm32cubeide/plugins/com.st.stm32cube.ide.mcu.externaltools.gnu-tools-for-stm32.10.3-2021.10.win32_1.0.100.202210260954/tools/bin/../lib/gcc/arm-none-eabi/10.3.1/../../../../arm-none-eabi/lib/thumb/v7e-m+fp/hard\libc_nano.a(lib_a-memcpy-stub.o)
                0x00000000080053c4                memcpy
 .text.memset   0x00000000080053e0       0x10 c:/st/stm32cubeide_1.11.0/stm32cubeide/plugins/com.st.stm32cube.ide.mcu.externaltools.gnu-tools-for-stm32.10.3-2021.10.win32_1.0.100.202210260954/tools/bin/../lib/gcc/arm-none-eabi/10.3.1/../../../../arm-none-eabi/lib/thumb/v7e-m+fp/hard\libc_nano.a(lib_a-memset.o)
                0x00000000080053e0                memset
 *(.glue_7)
 .glue_7        0x00000000080053f0        0x0 linker stubs
 *(.glue_7t)
 .glue_7t       0x00000000080053f0        0x0 linker stubs
 *(.eh_frame)
 .eh_frame      0x00000000080053f0        0x0 c:/st/stm32cubeide_1.11.0/stm32cubeide/plugins/com.st.stm32cube.ide.mcu.externaltools.gnu-tools-for-stm32.10.3-2021.10.win32_1.0.100.202210260954/tools/bin/../lib/gcc/arm-none-eabi/10.3.1/thumb/v7e-m+fp/hard/crtbegin.o
 *(.init)
 .init          0x00000000080053f0        0x4 c:/st/stm32cubeide_1.11.0/stm32cubeide/plugins/com.st.stm32cube.ide.mcu.externaltools.gnu-tools-for-stm32.10.3-2021.10.win32_1.0.100.202210260954/tools/bin/../lib/gcc/arm-none-eabi/10.3.1/thumb/v7e-m+fp/hard/crti.o
                0x00000000080053f0                _init
 .init          0x00000000080053f4        0x8 c:/st/stm32cubeide_1.11.0/stm32cubeide/plugins/com.st.stm32cube.ide.mcu.externaltools.gnu-tools-for-stm32.10.3-2021.10.win32_1.0.100.202210260954/tools/bin/../lib/gcc/arm-none-eabi/10.3.1/thumb/v7e-m+fp/hard/crtn.o
 *(.fini)
 .fini          0x00000000080053fc        0x4 c:/st/stm32cubeide_1.11.0/stm32cubeide/plugins/com.st.stm32cube.ide.mcu.externaltools.gnu-tools-for-stm32.10.3-2021.10.win32_1.0.100.202210260954/tools/bin/../lib/gcc/arm-none-eabi/10.3.1/thumb/v7e-m+fp/hard/crti.o
                0x00000000080053fc                _fini
 .fini          0x0000000008005400        0x8 c:/st/stm32cubeide_1.11.0/stm32cubeide/plugins/com.st.stm32cube.ide.mcu.externaltools.gnu-tools-for-stm32.10.3-2021.10.win32_1.0.100.202210260954/tools/bin/../lib/gcc/arm-none-eabi/10.3.1/thumb/v7e-m+fp/hard/crtn.o
                0x0000000008005408                . = ALIGN (0x4)
                0x0000000008005408                _etext = .

.vfp11_veneer   0x0000000008005408        0x0
 .vfp11_veneer  0x0000000008005408        0x0 linker stubs

.v4_bx          0x0000000008005408        0x0
 .v4_bx         0x0000000008005408        0x0 linker stubs

.iplt           0x0000000008005408        0x0
 .iplt          0x0000000008005408        0x0 c:/st/stm32cubeide_1.11.0/stm32cubeide/plugins/com.st.stm32cube.ide.mcu.externaltools.gnu-tools-for-stm32.10.3-2021.10.win32_1.0.100.202210260954/tools/bin/../lib/gcc/arm-none-eabi/10.3.1/thumb/v7e-m+fp/hard/crtbegin.o

.rodata         0x0000000008005408       0x38
                0x0000000008005408                . = ALIGN (0x4)
 *(.rodata)
 .rodata        0x0000000008005408        0x5 ./Core/Src/main.o
 *fill*         0x000000000800540d        0x3 
 .rodata        0x0000000008005410        0x5 ./FreeRTOS/tasks.o
 *fill*         0x0000000008005415        0x3 
 .rodata        0x0000000008005418        0xd ./FreeRTOS/timers.o
 *(.rodata*)
 *fill*         0x0000000008005425        0x3 
 .rodata.AHBPrescTable
                0x0000000008005428       0x10 ./Core/Src/system_stm32f4xx.o
                0x0000000008005428                AHBPrescTable
 .rodata.APBPrescTable
                0x0000000008005438        0x8 ./Core/Src/system_stm32f4xx.o
                0x0000000008005438                APBPrescTable
                0x0000000008005440                . = ALIGN (0x4)

.ARM.extab      0x0000000008005440        0x0
                0x0000000008005440                . = ALIGN (0x4)
 *(.ARM.extab* .gnu.linkonce.armextab.*)
                0x0000000008005440                . = ALIGN (0x4)

.ARM            0x0000000008005440        0x8
                0x0000000008005440                . = ALIGN (0x4)
                0x0000000008005440                __exidx_start = .
 *(.ARM.exidx*)
 .ARM.exidx     0x0000000008005440        0x8 c:/st/stm32cubeide_1.11.0/stm32cubeide/plugins/com.st.stm32cube.ide.mcu.externaltools.gnu-tools-for-stm32.10.3-2021.10.win32_1.0.100.202210260954/tools/bin/../lib/gcc/arm-none-eabi/10.3.1/thumb/v7e-m+fp/hard\libgcc.a(_udivmoddi4.o)
                0x0000000008005448                __exidx_end = .
                0x0000000008005448                . = ALIGN (0x4)

.rel.dyn        0x0000000008005448        0x0
 .rel.iplt      0x0000000008005448        0x0 c:/st/stm32cubeide_1.11.0/stm32cubeide/plugins/com.st.stm32cube.ide.mcu.externaltools.gnu-tools-for-stm32.10.3-2021.10.win32_1.0.100.202210260954/tools/bin/../lib/gcc/arm-none-eabi/10.3.1/thumb/v7e-m+fp/hard/crtbegin.o

.preinit_array  0x0000000008005448        0x0
                0x0000000008005448                . = ALIGN (0x4)
                0x0000000008005448                PROVIDE (__preinit_array_start = .)
 *(.preinit_array*)
                0x0000000008005448                PROVIDE (__preinit_array_end = .)
                0x0000000008005448                . = ALIGN (0x4)

.init_array     0x0000000008005448        0x4
                0x0000000008005448                . = ALIGN (0x4)
                0x0000000008005448                PROVIDE (__init_array_start = .)
 *(SORT_BY_NAME(.init_array.*))
 *(.init_array*)
 .init_array    0x0000000008005448        0x4 c:/st/stm32cubeide_1.11.0/stm32cubeide/plugins/com.st.stm32cube.ide.mcu.externaltools.gnu-tools-for-stm32.10.3-2021.10.win32_1.0.100.202210260954/tools/bin/../lib/gcc/arm-none-eabi/10.3.1/thumb/v7e-m+fp/hard/crtbegin.o
                0x000000000800544c                PROVIDE (__init_array_end = .)
                0x000000000800544c                . = ALIGN (0x4)

.fini_array     0x000000000800544c        0x4
                0x000000000800544c                . = ALIGN (0x4)
                [!provide]                        PROVIDE (__fini_array_start = .)
 *(SORT_BY_NAME(.fini_array.*))
 *(.fini_array*)
 .fini_array    0x000000000800544c        0x4 c:/st/stm32cubeide_1.11.0/stm32cubeide/plugins/com.st.stm32cube.ide.mcu.externaltools.gnu-tools-for-stm32.10.3-2021.10.win32_1.0.100.202210260954/tools/bin/../lib/gcc/arm-none-eabi/10.3.1/thumb/v7e-m+fp/hard/crtbegin.o
                [!provide]                        PROVIDE (__fini_array_end = .)
                0x0000000008005450                . = ALIGN (0x4)
                0x0000000008005450                _sidata = LOADADDR (.data)

.data           0x0000000020000000       0x10 load address 0x0000000008005450
                0x0000000020000000                . = ALIGN (0x4)
                0x0000000020000000                _sdata = .
 *(.data)
 *(.data*)
 .data.SystemCoreClock
                0x0000000020000000        0x4 ./Core/Src/system_stm32f4xx.o
                0x0000000020000000                SystemCoreClock
 .data.uwTickPrio
                0x0000000020000004        0x4 ./Drivers/STM32F4xx_HAL_Driver/Src/stm32f4xx_hal.o
                0x0000000020000004                uwTickPrio
 .data.uwTickFreq
                0x0000000020000008        0x1 ./Drivers/STM32F4xx_HAL_Driver/Src/stm32f4xx_hal.o
                0x0000000020000008                uwTickFreq
 *fill*         0x0000000020000009        0x3 
 .data.uxCriticalNesting
                0x000000002000000c        0x4 ./FreeRTOS/portable/ARM_CM4F/port.o
 *(.RamFunc)
 *(.RamFunc*)
                0x0000000020000010                . = ALIGN (0x4)
                0x0000000020000010                _edata = .
                0x0000000008005460                _siccmram = LOADADDR (.ccmram)

.igot.plt       0x0000000020000010        0x0 load address 0x0000000008005460
 .igot.plt      0x0000000020000010        0x0 c:/st/stm32cubeide_1.11.0/stm32cubeide/plugins/com.st.stm32cube.ide.mcu.externaltools.gnu-tools-for-stm32.10.3-2021.10.win32_1.0.100.202210260954/tools/bin/../lib/gcc/arm-none-eabi/10.3.1/thumb/v7e-m+fp/hard/crtbegin.o

.ccmram         0x0000000010000000        0x0 load address 0x0000000008005460
                0x0000000010000000                . = ALIGN (0x4)
                0x0000000010000000                _sccmram = .
 *(.ccmram)
 *(.ccmram*)
                0x0000000010000000                . = ALIGN (0x4)
                0x0000000010000000                _eccmram = .
                0x0000000010000000                . = ALIGN (0x4)

.bss            0x0000000020000010    0x12e64
                0x0000000020000010                _sbss = .
                0x0000000020000010                __bss_start__ = _sbss
 *(.bss)
 .bss           0x0000000020000010       0x1c c:/st/stm32cubeide_1.11.0/stm32cubeide/plugins/com.st.stm32cube.ide.mcu.externaltools.gnu-tools-for-stm32.10.3-2021.10.win32_1.0.100.202210260954/tools/bin/../lib/gcc/arm-none-eabi/10.3.1/thumb/v7e-m+fp/hard/crtbegin.o
 *(.bss*)
 .bss.hspi1     0x000000002000002c       0x58 ./Core/Src/main.o
                0x000000002000002c                hspi1
 .bss.xSemaphore
                0x0000000020000084        0x4 ./Core/Src/main.o
                0x0000000020000084                xSemaphore
 .bss.htim7     0x0000000020000088       0x48 ./Core/Src/stm32f4xx_hal_timebase_tim.o
                0x0000000020000088                htim7
 .bss.uwTick    0x00000000200000d0        0x4 ./Drivers/STM32F4xx_HAL_Driver/Src/stm32f4xx_hal.o
                0x00000000200000d0                uwTick
 .bss.xQueueRegistry
                0x00000000200000d4       0x40 ./FreeRTOS/queue.o
                0x00000000200000d4                xQueueRegistry
 .bss.pxCurrentTCB
                0x0000000020000114        0x4 ./FreeRTOS/tasks.o
                0x0000000020000114                pxCurrentTCB
 .bss.pxReadyTasksLists
                0x0000000020000118       0x64 ./FreeRTOS/tasks.o
 .bss.xDelayedTaskList1
                0x000000002000017c       0x14 ./FreeRTOS/tasks.o
 .bss.xDelayedTaskList2
                0x0000000020000190       0x14 ./FreeRTOS/tasks.o
 .bss.pxDelayedTaskList
                0x00000000200001a4        0x4 ./FreeRTOS/tasks.o
 .bss.pxOverflowDelayedTaskList
                0x00000000200001a8        0x4 ./FreeRTOS/tasks.o
 .bss.xPendingReadyList
                0x00000000200001ac       0x14 ./FreeRTOS/tasks.o
 .bss.xTasksWaitingTermination
                0x00000000200001c0       0x14 ./FreeRTOS/tasks.o
 .bss.uxDeletedTasksWaitingCleanUp
                0x00000000200001d4        0x4 ./FreeRTOS/tasks.o
 .bss.xSuspendedTaskList
                0x00000000200001d8       0x14 ./FreeRTOS/tasks.o
 .bss.uxCurrentNumberOfTasks
                0x00000000200001ec        0x4 ./FreeRTOS/tasks.o
 .bss.xTickCount
                0x00000000200001f0        0x4 ./FreeRTOS/tasks.o
 .bss.uxTopReadyPriority
                0x00000000200001f4        0x4 ./FreeRTOS/tasks.o
 .bss.xSchedulerRunning
                0x00000000200001f8        0x4 ./FreeRTOS/tasks.o
 .bss.uxPendedTicks
                0x00000000200001fc        0x4 ./FreeRTOS/tasks.o
 .bss.xYieldPending
                0x0000000020000200        0x4 ./FreeRTOS/tasks.o
 .bss.xNumOfOverflows
                0x0000000020000204        0x4 ./FreeRTOS/tasks.o
 .bss.uxTaskNumber
                0x0000000020000208        0x4 ./FreeRTOS/tasks.o
 .bss.xNextTaskUnblockTime
                0x000000002000020c        0x4 ./FreeRTOS/tasks.o
 .bss.xIdleTaskHandle
                0x0000000020000210        0x4 ./FreeRTOS/tasks.o
 .bss.uxSchedulerSuspended
                0x0000000020000214        0x4 ./FreeRTOS/tasks.o
 .bss.xActiveTimerList1
                0x0000000020000218       0x14 ./FreeRTOS/timers.o
 .bss.xActiveTimerList2
                0x000000002000022c       0x14 ./FreeRTOS/timers.o
 .bss.pxCurrentTimerList
                0x0000000020000240        0x4 ./FreeRTOS/timers.o
 .bss.pxOverflowTimerList
                0x0000000020000244        0x4 ./FreeRTOS/timers.o
 .bss.xTimerQueue
                0x0000000020000248        0x4 ./FreeRTOS/timers.o
 .bss.xTimerTaskHandle
                0x000000002000024c        0x4 ./FreeRTOS/timers.o
 .bss.xLastTime.0
                0x0000000020000250        0x4 ./FreeRTOS/timers.o
 .bss.ucMaxSysCallPriority
                0x0000000020000254        0x1 ./FreeRTOS/portable/ARM_CM4F/port.o
 *fill*         0x0000000020000255        0x3 
 .bss.ulMaxPRIGROUPValue
                0x0000000020000258        0x4 ./FreeRTOS/portable/ARM_CM4F/port.o
 .bss.ucHeap    0x000000002000025c    0x12c00 ./FreeRTOS/portable/MemMang/heap_4.o
 .bss.xStart    0x0000000020012e5c        0x8 ./FreeRTOS/portable/MemMang/heap_4.o
 .bss.pxEnd     0x0000000020012e64        0x4 ./FreeRTOS/portable/MemMang/heap_4.o
 .bss.xFreeBytesRemaining
                0x0000000020012e68        0x4 ./FreeRTOS/portable/MemMang/heap_4.o
 .bss.xMinimumEverFreeBytesRemaining
                0x0000000020012e6c        0x4 ./FreeRTOS/portable/MemMang/heap_4.o
 .bss.xBlockAllocatedBit
                0x0000000020012e70        0x4 ./FreeRTOS/portable/MemMang/heap_4.o
 *(COMMON)
                0x0000000020012e74                . = ALIGN (0x4)
                0x0000000020012e74                _ebss = .
                0x0000000020012e74                __bss_end__ = _ebss

._user_heap_stack
                0x0000000020012e74      0x604
                0x0000000020012e78                . = ALIGN (0x8)
 *fill*         0x0000000020012e74        0x4 
                [!provide]                        PROVIDE (end = .)
                0x0000000020012e78                PROVIDE (_end = .)
                0x0000000020013078                . = (. + _Min_Heap_Size)
 *fill*         0x0000000020012e78      0x200 
                0x0000000020013478                . = (. + _Min_Stack_Size)
 *fill*         0x0000000020013078      0x400 
                0x0000000020013478                . = ALIGN (0x8)

/DISCARD/
 libc.a(*)
 libm.a(*)
 libgcc.a(*)

.ARM.attributes
                0x0000000000000000       0x30
 *(.ARM.attributes)
 .ARM.attributes
                0x0000000000000000       0x1e c:/st/stm32cubeide_1.11.0/stm32cubeide/plugins/com.st.stm32cube.ide.mcu.externaltools.gnu-tools-for-stm32.10.3-2021.10.win32_1.0.100.202210260954/tools/bin/../lib/gcc/arm-none-eabi/10.3.1/thumb/v7e-m+fp/hard/crti.o
 .ARM.attributes
                0x000000000000001e       0x34 c:/st/stm32cubeide_1.11.0/stm32cubeide/plugins/com.st.stm32cube.ide.mcu.externaltools.gnu-tools-for-stm32.10.3-2021.10.win32_1.0.100.202210260954/tools/bin/../lib/gcc/arm-none-eabi/10.3.1/thumb/v7e-m+fp/hard/crtbegin.o
 .ARM.attributes
                0x0000000000000052       0x34 ./Core/Src/main.o
 .ARM.attributes
                0x0000000000000086       0x34 ./Core/Src/stm32f4xx_hal_msp.o
 .ARM.attributes
                0x00000000000000ba       0x34 ./Core/Src/stm32f4xx_hal_timebase_tim.o
 .ARM.attributes
                0x00000000000000ee       0x34 ./Core/Src/stm32f4xx_it.o
 .ARM.attributes
                0x0000000000000122       0x34 ./Core/Src/system_stm32f4xx.o
 .ARM.attributes
                0x0000000000000156       0x21 ./Core/Startup/startup_stm32f407vgtx.o
 .ARM.attributes
                0x0000000000000177       0x34 ./Drivers/STM32F4xx_HAL_Driver/Src/stm32f4xx_hal.o
 .ARM.attributes
                0x00000000000001ab       0x34 ./Drivers/STM32F4xx_HAL_Driver/Src/stm32f4xx_hal_cortex.o
 .ARM.attributes
                0x00000000000001df       0x34 ./Drivers/STM32F4xx_HAL_Driver/Src/stm32f4xx_hal_gpio.o
 .ARM.attributes
                0x0000000000000213       0x34 ./Drivers/STM32F4xx_HAL_Driver/Src/stm32f4xx_hal_rcc.o
 .ARM.attributes
                0x0000000000000247       0x34 ./Drivers/STM32F4xx_HAL_Driver/Src/stm32f4xx_hal_spi.o
 .ARM.attributes
                0x000000000000027b       0x34 ./Drivers/STM32F4xx_HAL_Driver/Src/stm32f4xx_hal_tim.o
 .ARM.attributes
                0x00000000000002af       0x34 ./Drivers/STM32F4xx_HAL_Driver/Src/stm32f4xx_hal_tim_ex.o
 .ARM.attributes
                0x00000000000002e3       0x34 ./FreeRTOS/list.o
 .ARM.attributes
                0x0000000000000317       0x34 ./FreeRTOS/queue.o
 .ARM.attributes
                0x000000000000034b       0x34 ./FreeRTOS/tasks.o
 .ARM.attributes
                0x000000000000037f       0x34 ./FreeRTOS/timers.o
 .ARM.attributes
                0x00000000000003b3       0x34 ./FreeRTOS/portable/ARM_CM4F/port.o
 .ARM.attributes
                0x00000000000003e7       0x34 ./FreeRTOS/portable/MemMang/heap_4.o
 .ARM.attributes
                0x000000000000041b       0x34 c:/st/stm32cubeide_1.11.0/stm32cubeide/plugins/com.st.stm32cube.ide.mcu.externaltools.gnu-tools-for-stm32.10.3-2021.10.win32_1.0.100.202210260954/tools/bin/../lib/gcc/arm-none-eabi/10.3.1/../../../../arm-none-eabi/lib/thumb/v7e-m+fp/hard\libc_nano.a(lib_a-init.o)
 .ARM.attributes
                0x000000000000044f       0x34 c:/st/stm32cubeide_1.11.0/stm32cubeide/plugins/com.st.stm32cube.ide.mcu.externaltools.gnu-tools-for-stm32.10.3-2021.10.win32_1.0.100.202210260954/tools/bin/../lib/gcc/arm-none-eabi/10.3.1/../../../../arm-none-eabi/lib/thumb/v7e-m+fp/hard\libc_nano.a(lib_a-memcpy-stub.o)
 .ARM.attributes
                0x0000000000000483       0x34 c:/st/stm32cubeide_1.11.0/stm32cubeide/plugins/com.st.stm32cube.ide.mcu.externaltools.gnu-tools-for-stm32.10.3-2021.10.win32_1.0.100.202210260954/tools/bin/../lib/gcc/arm-none-eabi/10.3.1/../../../../arm-none-eabi/lib/thumb/v7e-m+fp/hard\libc_nano.a(lib_a-memset.o)
 .ARM.attributes
                0x00000000000004b7       0x1e c:/st/stm32cubeide_1.11.0/stm32cubeide/plugins/com.st.stm32cube.ide.mcu.externaltools.gnu-tools-for-stm32.10.3-2021.10.win32_1.0.100.202210260954/tools/bin/../lib/gcc/arm-none-eabi/10.3.1/thumb/v7e-m+fp/hard\libgcc.a(_aeabi_uldivmod.o)
 .ARM.attributes
                0x00000000000004d5       0x34 c:/st/stm32cubeide_1.11.0/stm32cubeide/plugins/com.st.stm32cube.ide.mcu.externaltools.gnu-tools-for-stm32.10.3-2021.10.win32_1.0.100.202210260954/tools/bin/../lib/gcc/arm-none-eabi/10.3.1/thumb/v7e-m+fp/hard\libgcc.a(_udivmoddi4.o)
 .ARM.attributes
                0x0000000000000509       0x1e c:/st/stm32cubeide_1.11.0/stm32cubeide/plugins/com.st.stm32cube.ide.mcu.externaltools.gnu-tools-for-stm32.10.3-2021.10.win32_1.0.100.202210260954/tools/bin/../lib/gcc/arm-none-eabi/10.3.1/thumb/v7e-m+fp/hard\libgcc.a(_dvmd_tls.o)
 .ARM.attributes
                0x0000000000000527       0x1e c:/st/stm32cubeide_1.11.0/stm32cubeide/plugins/com.st.stm32cube.ide.mcu.externaltools.gnu-tools-for-stm32.10.3-2021.10.win32_1.0.100.202210260954/tools/bin/../lib/gcc/arm-none-eabi/10.3.1/thumb/v7e-m+fp/hard/crtn.o
OUTPUT(lab3.elf elf32-littlearm)
LOAD linker stubs
LOAD c:/st/stm32cubeide_1.11.0/stm32cubeide/plugins/com.st.stm32cube.ide.mcu.externaltools.gnu-tools-for-stm32.10.3-2021.10.win32_1.0.100.202210260954/tools/bin/../lib/gcc/arm-none-eabi/10.3.1/../../../../arm-none-eabi/lib/thumb/v7e-m+fp/hard\libc.a
LOAD c:/st/stm32cubeide_1.11.0/stm32cubeide/plugins/com.st.stm32cube.ide.mcu.externaltools.gnu-tools-for-stm32.10.3-2021.10.win32_1.0.100.202210260954/tools/bin/../lib/gcc/arm-none-eabi/10.3.1/../../../../arm-none-eabi/lib/thumb/v7e-m+fp/hard\libm.a
LOAD c:/st/stm32cubeide_1.11.0/stm32cubeide/plugins/com.st.stm32cube.ide.mcu.externaltools.gnu-tools-for-stm32.10.3-2021.10.win32_1.0.100.202210260954/tools/bin/../lib/gcc/arm-none-eabi/10.3.1/thumb/v7e-m+fp/hard\libgcc.a

.debug_info     0x0000000000000000    0x10bba
 .debug_info    0x0000000000000000     0x159e ./Core/Src/main.o
 .debug_info    0x000000000000159e      0x9b6 ./Core/Src/stm32f4xx_hal_msp.o
 .debug_info    0x0000000000001f54      0xc4b ./Core/Src/stm32f4xx_hal_timebase_tim.o
 .debug_info    0x0000000000002b9f      0x734 ./Core/Src/stm32f4xx_it.o
 .debug_info    0x00000000000032d3      0x523 ./Core/Src/system_stm32f4xx.o
 .debug_info    0x00000000000037f6       0x22 ./Core/Startup/startup_stm32f407vgtx.o
 .debug_info    0x0000000000003818      0x97c ./Drivers/STM32F4xx_HAL_Driver/Src/stm32f4xx_hal.o
 .debug_info    0x0000000000004194      0xe1b ./Drivers/STM32F4xx_HAL_Driver/Src/stm32f4xx_hal_cortex.o
 .debug_info    0x0000000000004faf      0x76a ./Drivers/STM32F4xx_HAL_Driver/Src/stm32f4xx_hal_gpio.o
 .debug_info    0x0000000000005719      0x966 ./Drivers/STM32F4xx_HAL_Driver/Src/stm32f4xx_hal_rcc.o
 .debug_info    0x000000000000607f     0x1758 ./Drivers/STM32F4xx_HAL_Driver/Src/stm32f4xx_hal_spi.o
 .debug_info    0x00000000000077d7     0x2bbe ./Drivers/STM32F4xx_HAL_Driver/Src/stm32f4xx_hal_tim.o
 .debug_info    0x000000000000a395     0x15e0 ./Drivers/STM32F4xx_HAL_Driver/Src/stm32f4xx_hal_tim_ex.o
 .debug_info    0x000000000000b975      0x2d1 ./FreeRTOS/list.o
 .debug_info    0x000000000000bc46     0x184e ./FreeRTOS/queue.o
 .debug_info    0x000000000000d494     0x1fbe ./FreeRTOS/tasks.o
 .debug_info    0x000000000000f452      0xe77 ./FreeRTOS/timers.o
 .debug_info    0x00000000000102c9      0x507 ./FreeRTOS/portable/ARM_CM4F/port.o
 .debug_info    0x00000000000107d0      0x3ea ./FreeRTOS/portable/MemMang/heap_4.o

.debug_abbrev   0x0000000000000000     0x28cd
 .debug_abbrev  0x0000000000000000      0x313 ./Core/Src/main.o
 .debug_abbrev  0x0000000000000313      0x194 ./Core/Src/stm32f4xx_hal_msp.o
 .debug_abbrev  0x00000000000004a7      0x1e6 ./Core/Src/stm32f4xx_hal_timebase_tim.o
 .debug_abbrev  0x000000000000068d      0x186 ./Core/Src/stm32f4xx_it.o
 .debug_abbrev  0x0000000000000813      0x116 ./Core/Src/system_stm32f4xx.o
 .debug_abbrev  0x0000000000000929       0x12 ./Core/Startup/startup_stm32f407vgtx.o
 .debug_abbrev  0x000000000000093b      0x20d ./Drivers/STM32F4xx_HAL_Driver/Src/stm32f4xx_hal.o
 .debug_abbrev  0x0000000000000b48      0x316 ./Drivers/STM32F4xx_HAL_Driver/Src/stm32f4xx_hal_cortex.o
 .debug_abbrev  0x0000000000000e5e      0x1c4 ./Drivers/STM32F4xx_HAL_Driver/Src/stm32f4xx_hal_gpio.o
 .debug_abbrev  0x0000000000001022      0x2aa ./Drivers/STM32F4xx_HAL_Driver/Src/stm32f4xx_hal_rcc.o
 .debug_abbrev  0x00000000000012cc      0x26e ./Drivers/STM32F4xx_HAL_Driver/Src/stm32f4xx_hal_spi.o
 .debug_abbrev  0x000000000000153a      0x25d ./Drivers/STM32F4xx_HAL_Driver/Src/stm32f4xx_hal_tim.o
 .debug_abbrev  0x0000000000001797      0x265 ./Drivers/STM32F4xx_HAL_Driver/Src/stm32f4xx_hal_tim_ex.o
 .debug_abbrev  0x00000000000019fc       0xf2 ./FreeRTOS/list.o
 .debug_abbrev  0x0000000000001aee      0x341 ./FreeRTOS/queue.o
 .debug_abbrev  0x0000000000001e2f      0x36e ./FreeRTOS/tasks.o
 .debug_abbrev  0x000000000000219d      0x2d8 ./FreeRTOS/timers.o
 .debug_abbrev  0x0000000000002475      0x259 ./FreeRTOS/portable/ARM_CM4F/port.o
 .debug_abbrev  0x00000000000026ce      0x1ff ./FreeRTOS/portable/MemMang/heap_4.o

.debug_aranges  0x0000000000000000     0x1068
 .debug_aranges
                0x0000000000000000       0x78 ./Core/Src/main.o
 .debug_aranges
                0x0000000000000078       0x30 ./Core/Src/stm32f4xx_hal_msp.o
 .debug_aranges
                0x00000000000000a8       0x30 ./Core/Src/stm32f4xx_hal_timebase_tim.o
 .debug_aranges
                0x00000000000000d8       0x58 ./Core/Src/stm32f4xx_it.o
 .debug_aranges
                0x0000000000000130       0x28 ./Core/Src/system_stm32f4xx.o
 .debug_aranges
                0x0000000000000158       0x28 ./Core/Startup/startup_stm32f407vgtx.o
 .debug_aranges
                0x0000000000000180       0xf0 ./Drivers/STM32F4xx_HAL_Driver/Src/stm32f4xx_hal.o
 .debug_aranges
                0x0000000000000270      0x118 ./Drivers/STM32F4xx_HAL_Driver/Src/stm32f4xx_hal_cortex.o
 .debug_aranges
                0x0000000000000388       0x58 ./Drivers/STM32F4xx_HAL_Driver/Src/stm32f4xx_hal_gpio.o
 .debug_aranges
                0x00000000000003e0       0x88 ./Drivers/STM32F4xx_HAL_Driver/Src/stm32f4xx_hal_rcc.o
 .debug_aranges
                0x0000000000000468      0x1d0 ./Drivers/STM32F4xx_HAL_Driver/Src/stm32f4xx_hal_spi.o
 .debug_aranges
                0x0000000000000638      0x3d0 ./Drivers/STM32F4xx_HAL_Driver/Src/stm32f4xx_hal_tim.o
 .debug_aranges
                0x0000000000000a08      0x168 ./Drivers/STM32F4xx_HAL_Driver/Src/stm32f4xx_hal_tim_ex.o
 .debug_aranges
                0x0000000000000b70       0x40 ./FreeRTOS/list.o
 .debug_aranges
                0x0000000000000bb0      0x130 ./FreeRTOS/queue.o
 .debug_aranges
                0x0000000000000ce0      0x1e8 ./FreeRTOS/tasks.o
 .debug_aranges
                0x0000000000000ec8       0xd0 ./FreeRTOS/timers.o
 .debug_aranges
                0x0000000000000f98       0x80 ./FreeRTOS/portable/ARM_CM4F/port.o
 .debug_aranges
                0x0000000000001018       0x50 ./FreeRTOS/portable/MemMang/heap_4.o

.debug_ranges   0x0000000000000000      0xf40
 .debug_ranges  0x0000000000000000       0x68 ./Core/Src/main.o
 .debug_ranges  0x0000000000000068       0x20 ./Core/Src/stm32f4xx_hal_msp.o
 .debug_ranges  0x0000000000000088       0x20 ./Core/Src/stm32f4xx_hal_timebase_tim.o
 .debug_ranges  0x00000000000000a8       0x48 ./Core/Src/stm32f4xx_it.o
 .debug_ranges  0x00000000000000f0       0x18 ./Core/Src/system_stm32f4xx.o
 .debug_ranges  0x0000000000000108       0x20 ./Core/Startup/startup_stm32f407vgtx.o
 .debug_ranges  0x0000000000000128       0xe0 ./Drivers/STM32F4xx_HAL_Driver/Src/stm32f4xx_hal.o
 .debug_ranges  0x0000000000000208      0x108 ./Drivers/STM32F4xx_HAL_Driver/Src/stm32f4xx_hal_cortex.o
 .debug_ranges  0x0000000000000310       0x48 ./Drivers/STM32F4xx_HAL_Driver/Src/stm32f4xx_hal_gpio.o
 .debug_ranges  0x0000000000000358       0x78 ./Drivers/STM32F4xx_HAL_Driver/Src/stm32f4xx_hal_rcc.o
 .debug_ranges  0x00000000000003d0      0x1c0 ./Drivers/STM32F4xx_HAL_Driver/Src/stm32f4xx_hal_spi.o
 .debug_ranges  0x0000000000000590      0x3c0 ./Drivers/STM32F4xx_HAL_Driver/Src/stm32f4xx_hal_tim.o
 .debug_ranges  0x0000000000000950      0x158 ./Drivers/STM32F4xx_HAL_Driver/Src/stm32f4xx_hal_tim_ex.o
 .debug_ranges  0x0000000000000aa8       0x30 ./FreeRTOS/list.o
 .debug_ranges  0x0000000000000ad8      0x120 ./FreeRTOS/queue.o
 .debug_ranges  0x0000000000000bf8      0x1d8 ./FreeRTOS/tasks.o
 .debug_ranges  0x0000000000000dd0       0xc0 ./FreeRTOS/timers.o
 .debug_ranges  0x0000000000000e90       0x70 ./FreeRTOS/portable/ARM_CM4F/port.o
 .debug_ranges  0x0000000000000f00       0x40 ./FreeRTOS/portable/MemMang/heap_4.o

.debug_macro    0x0000000000000000    0x21a04
 .debug_macro   0x0000000000000000      0x2e5 ./Core/Src/main.o
 .debug_macro   0x00000000000002e5      0xa78 ./Core/Src/main.o
 .debug_macro   0x0000000000000d5d      0x29b ./Core/Src/main.o
 .debug_macro   0x0000000000000ff8       0x2e ./Core/Src/main.o
 .debug_macro   0x0000000000001026       0x2f ./Core/Src/main.o
 .debug_macro   0x0000000000001055       0x22 ./Core/Src/main.o
 .debug_macro   0x0000000000001077       0x8e ./Core/Src/main.o
 .debug_macro   0x0000000000001105       0x51 ./Core/Src/main.o
 .debug_macro   0x0000000000001156      0x103 ./Core/Src/main.o
 .debug_macro   0x0000000000001259       0x6a ./Core/Src/main.o
 .debug_macro   0x00000000000012c3      0x1df ./Core/Src/main.o
 .debug_macro   0x00000000000014a2       0x1c ./Core/Src/main.o
 .debug_macro   0x00000000000014be       0x22 ./Core/Src/main.o
 .debug_macro   0x00000000000014e0       0xd9 ./Core/Src/main.o
 .debug_macro   0x00000000000015b9     0x102d ./Core/Src/main.o
 .debug_macro   0x00000000000025e6      0x11f ./Core/Src/main.o
 .debug_macro   0x0000000000002705    0x15e82 ./Core/Src/main.o
 .debug_macro   0x0000000000018587       0x6d ./Core/Src/main.o
 .debug_macro   0x00000000000185f4     0x367e ./Core/Src/main.o
 .debug_macro   0x000000000001bc72      0x174 ./Core/Src/main.o
 .debug_macro   0x000000000001bde6       0x5c ./Core/Src/main.o
 .debug_macro   0x000000000001be42      0x96b ./Core/Src/main.o
 .debug_macro   0x000000000001c7ad      0x9fe ./Core/Src/main.o
 .debug_macro   0x000000000001d1ab      0x115 ./Core/Src/main.o
 .debug_macro   0x000000000001d2c0      0x13e ./Core/Src/main.o
 .debug_macro   0x000000000001d3fe       0xa5 ./Core/Src/main.o
 .debug_macro   0x000000000001d4a3      0x174 ./Core/Src/main.o
 .debug_macro   0x000000000001d617      0x287 ./Core/Src/main.o
 .debug_macro   0x000000000001d89e       0x5f ./Core/Src/main.o
 .debug_macro   0x000000000001d8fd      0x236 ./Core/Src/main.o
 .debug_macro   0x000000000001db33      0x12c ./Core/Src/main.o
 .debug_macro   0x000000000001dc5f      0x21e ./Core/Src/main.o
 .debug_macro   0x000000000001de7d       0x2e ./Core/Src/main.o
 .debug_macro   0x000000000001deab      0x11a ./Core/Src/main.o
 .debug_macro   0x000000000001dfc5       0x7e ./Core/Src/main.o
 .debug_macro   0x000000000001e043       0x89 ./Core/Src/main.o
 .debug_macro   0x000000000001e0cc      0x225 ./Core/Src/main.o
 .debug_macro   0x000000000001e2f1      0x8e6 ./Core/Src/main.o
 .debug_macro   0x000000000001ebd7       0x47 ./Core/Src/main.o
 .debug_macro   0x000000000001ec1e      0x12d ./Core/Src/main.o
 .debug_macro   0x000000000001ed4b      0x154 ./Core/Src/main.o
 .debug_macro   0x000000000001ee9f      0x106 ./Core/Src/main.o
 .debug_macro   0x000000000001efa5      0x15a ./Core/Src/main.o
 .debug_macro   0x000000000001f0ff       0xe4 ./Core/Src/main.o
 .debug_macro   0x000000000001f1e3       0x1c ./Core/Src/main.o
 .debug_macro   0x000000000001f1ff       0x26 ./Core/Src/main.o
 .debug_macro   0x000000000001f225      0x4d3 ./Core/Src/main.o
 .debug_macro   0x000000000001f6f8       0xb5 ./Core/Src/main.o
 .debug_macro   0x000000000001f7ad       0xaa ./Core/Src/main.o
 .debug_macro   0x000000000001f857       0x80 ./Core/Src/main.o
 .debug_macro   0x000000000001f8d7       0x7e ./Core/Src/main.o
 .debug_macro   0x000000000001f955      0x1dd ./Core/Src/stm32f4xx_hal_msp.o
 .debug_macro   0x000000000001fb32      0x1ce ./Core/Src/stm32f4xx_hal_timebase_tim.o
 .debug_macro   0x000000000001fd00      0x1e7 ./Core/Src/stm32f4xx_it.o
 .debug_macro   0x000000000001fee7      0x1ce ./Core/Src/system_stm32f4xx.o
 .debug_macro   0x00000000000200b5      0x22e ./Drivers/STM32F4xx_HAL_Driver/Src/stm32f4xx_hal.o
 .debug_macro   0x00000000000202e3      0x1ce ./Drivers/STM32F4xx_HAL_Driver/Src/stm32f4xx_hal_cortex.o
 .debug_macro   0x00000000000204b1      0x1d4 ./Drivers/STM32F4xx_HAL_Driver/Src/stm32f4xx_hal_gpio.o
 .debug_macro   0x0000000000020685      0x1f2 ./Drivers/STM32F4xx_HAL_Driver/Src/stm32f4xx_hal_rcc.o
 .debug_macro   0x0000000000020877      0x1dd ./Drivers/STM32F4xx_HAL_Driver/Src/stm32f4xx_hal_spi.o
 .debug_macro   0x0000000000020a54      0x1cf ./Drivers/STM32F4xx_HAL_Driver/Src/stm32f4xx_hal_tim.o
 .debug_macro   0x0000000000020c23      0x1ce ./Drivers/STM32F4xx_HAL_Driver/Src/stm32f4xx_hal_tim_ex.o
 .debug_macro   0x0000000000020df1      0x187 ./FreeRTOS/list.o
 .debug_macro   0x0000000000020f78      0x216 ./FreeRTOS/queue.o
 .debug_macro   0x000000000002118e       0x16 ./FreeRTOS/queue.o
 .debug_macro   0x00000000000211a4       0x20 ./FreeRTOS/queue.o
 .debug_macro   0x00000000000211c4      0x279 ./FreeRTOS/tasks.o
 .debug_macro   0x000000000002143d       0x10 ./FreeRTOS/tasks.o
 .debug_macro   0x000000000002144d      0x1dc ./FreeRTOS/timers.o
 .debug_macro   0x0000000000021629       0x97 ./FreeRTOS/timers.o
 .debug_macro   0x00000000000216c0      0x196 ./FreeRTOS/portable/ARM_CM4F/port.o
 .debug_macro   0x0000000000021856      0x1ae ./FreeRTOS/portable/MemMang/heap_4.o

.debug_line     0x0000000000000000    0x116d6
 .debug_line    0x0000000000000000      0xab4 ./Core/Src/main.o
 .debug_line    0x0000000000000ab4      0x70f ./Core/Src/stm32f4xx_hal_msp.o
 .debug_line    0x00000000000011c3      0x73c ./Core/Src/stm32f4xx_hal_timebase_tim.o
 .debug_line    0x00000000000018ff      0x777 ./Core/Src/stm32f4xx_it.o
 .debug_line    0x0000000000002076      0x744 ./Core/Src/system_stm32f4xx.o
 .debug_line    0x00000000000027ba       0x88 ./Core/Startup/startup_stm32f407vgtx.o
 .debug_line    0x0000000000002842      0x9aa ./Drivers/STM32F4xx_HAL_Driver/Src/stm32f4xx_hal.o
 .debug_line    0x00000000000031ec      0xc59 ./Drivers/STM32F4xx_HAL_Driver/Src/stm32f4xx_hal_cortex.o
 .debug_line    0x0000000000003e45      0xb1e ./Drivers/STM32F4xx_HAL_Driver/Src/stm32f4xx_hal_gpio.o
 .debug_line    0x0000000000004963      0xd26 ./Drivers/STM32F4xx_HAL_Driver/Src/stm32f4xx_hal_rcc.o
 .debug_line    0x0000000000005689     0x1c34 ./Drivers/STM32F4xx_HAL_Driver/Src/stm32f4xx_hal_spi.o
 .debug_line    0x00000000000072bd     0x369e ./Drivers/STM32F4xx_HAL_Driver/Src/stm32f4xx_hal_tim.o
 .debug_line    0x000000000000a95b     0x19a7 ./Drivers/STM32F4xx_HAL_Driver/Src/stm32f4xx_hal_tim_ex.o
 .debug_line    0x000000000000c302      0x6fa ./FreeRTOS/list.o
 .debug_line    0x000000000000c9fc     0x150a ./FreeRTOS/queue.o
 .debug_line    0x000000000000df06     0x1b20 ./FreeRTOS/tasks.o
 .debug_line    0x000000000000fa26      0xc18 ./FreeRTOS/timers.o
 .debug_line    0x000000000001063e      0x7dc ./FreeRTOS/portable/ARM_CM4F/port.o
 .debug_line    0x0000000000010e1a      0x8bc ./FreeRTOS/portable/MemMang/heap_4.o

.debug_str      0x0000000000000000    0xd1a08
 .debug_str     0x0000000000000000    0xc8f83 ./Core/Src/main.o
                                      0xc936e (size before relaxing)
 .debug_str     0x00000000000c8f83       0x63 ./Core/Src/stm32f4xx_hal_msp.o
                                      0xc396e (size before relaxing)
 .debug_str     0x00000000000c8fe6      0x107 ./Core/Src/stm32f4xx_hal_timebase_tim.o
                                      0xc3aa6 (size before relaxing)
 .debug_str     0x00000000000c90ed       0xdf ./Core/Src/stm32f4xx_it.o
                                      0xc395e (size before relaxing)
 .debug_str     0x00000000000c91cc       0xdb ./Core/Src/system_stm32f4xx.o
                                      0xc2faf (size before relaxing)
 .debug_str     0x00000000000c92a7       0x36 ./Core/Startup/startup_stm32f407vgtx.o
                                         0x6f (size before relaxing)
 .debug_str     0x00000000000c92dd      0x5bd ./Drivers/STM32F4xx_HAL_Driver/Src/stm32f4xx_hal.o
                                      0xc3b33 (size before relaxing)
 .debug_str     0x00000000000c989a      0x33a ./Drivers/STM32F4xx_HAL_Driver/Src/stm32f4xx_hal_cortex.o
                                      0xc3866 (size before relaxing)
 .debug_str     0x00000000000c9bd4       0xd5 ./Drivers/STM32F4xx_HAL_Driver/Src/stm32f4xx_hal_gpio.o
                                      0xc312a (size before relaxing)
 .debug_str     0x00000000000c9ca9      0x1fd ./Drivers/STM32F4xx_HAL_Driver/Src/stm32f4xx_hal_rcc.o
                                      0xc33e3 (size before relaxing)
 .debug_str     0x00000000000c9ea6      0x57c ./Drivers/STM32F4xx_HAL_Driver/Src/stm32f4xx_hal_spi.o
                                      0xc3873 (size before relaxing)
 .debug_str     0x00000000000ca422      0xe41 ./Drivers/STM32F4xx_HAL_Driver/Src/stm32f4xx_hal_tim.o
                                      0xc4329 (size before relaxing)
 .debug_str     0x00000000000cb263      0x503 ./Drivers/STM32F4xx_HAL_Driver/Src/stm32f4xx_hal_tim_ex.o
                                      0xc3b45 (size before relaxing)
 .debug_str     0x00000000000cb766     0x2fb4 ./FreeRTOS/list.o
                                       0xa667 (size before relaxing)
 .debug_str     0x00000000000ce71a      0xaaf ./FreeRTOS/queue.o
                                       0xbf30 (size before relaxing)
 .debug_str     0x00000000000cf1c9     0x19dd ./FreeRTOS/tasks.o
                                       0xcb08 (size before relaxing)
 .debug_str     0x00000000000d0ba6      0x4e7 ./FreeRTOS/timers.o
                                       0xc2e1 (size before relaxing)
 .debug_str     0x00000000000d108d      0x760 ./FreeRTOS/portable/ARM_CM4F/port.o
                                       0x85d0 (size before relaxing)
 .debug_str     0x00000000000d17ed      0x21b ./FreeRTOS/portable/MemMang/heap_4.o
                                       0xae84 (size before relaxing)

.comment        0x0000000000000000       0x50
 .comment       0x0000000000000000       0x50 ./Core/Src/main.o
                                         0x51 (size before relaxing)
 .comment       0x0000000000000050       0x51 ./Core/Src/stm32f4xx_hal_msp.o
 .comment       0x0000000000000050       0x51 ./Core/Src/stm32f4xx_hal_timebase_tim.o
 .comment       0x0000000000000050       0x51 ./Core/Src/stm32f4xx_it.o
 .comment       0x0000000000000050       0x51 ./Core/Src/system_stm32f4xx.o
 .comment       0x0000000000000050       0x51 ./Drivers/STM32F4xx_HAL_Driver/Src/stm32f4xx_hal.o
 .comment       0x0000000000000050       0x51 ./Drivers/STM32F4xx_HAL_Driver/Src/stm32f4xx_hal_cortex.o
 .comment       0x0000000000000050       0x51 ./Drivers/STM32F4xx_HAL_Driver/Src/stm32f4xx_hal_gpio.o
 .comment       0x0000000000000050       0x51 ./Drivers/STM32F4xx_HAL_Driver/Src/stm32f4xx_hal_rcc.o
 .comment       0x0000000000000050       0x51 ./Drivers/STM32F4xx_HAL_Driver/Src/stm32f4xx_hal_spi.o
 .comment       0x0000000000000050       0x51 ./Drivers/STM32F4xx_HAL_Driver/Src/stm32f4xx_hal_tim.o
 .comment       0x0000000000000050       0x51 ./Drivers/STM32F4xx_HAL_Driver/Src/stm32f4xx_hal_tim_ex.o
 .comment       0x0000000000000050       0x51 ./FreeRTOS/list.o
 .comment       0x0000000000000050       0x51 ./FreeRTOS/queue.o
 .comment       0x0000000000000050       0x51 ./FreeRTOS/tasks.o
 .comment       0x0000000000000050       0x51 ./FreeRTOS/timers.o
 .comment       0x0000000000000050       0x51 ./FreeRTOS/portable/ARM_CM4F/port.o
 .comment       0x0000000000000050       0x51 ./FreeRTOS/portable/MemMang/heap_4.o

.debug_frame    0x0000000000000000     0x447c
 .debug_frame   0x0000000000000000      0x19c ./Core/Src/main.o
 .debug_frame   0x000000000000019c       0x80 ./Core/Src/stm32f4xx_hal_msp.o
 .debug_frame   0x000000000000021c       0x74 ./Core/Src/stm32f4xx_hal_timebase_tim.o
 .debug_frame   0x0000000000000290       0xe0 ./Core/Src/stm32f4xx_it.o
 .debug_frame   0x0000000000000370       0x58 ./Core/Src/system_stm32f4xx.o
 .debug_frame   0x00000000000003c8      0x374 ./Drivers/STM32F4xx_HAL_Driver/Src/stm32f4xx_hal.o
 .debug_frame   0x000000000000073c      0x498 ./Drivers/STM32F4xx_HAL_Driver/Src/stm32f4xx_hal_cortex.o
 .debug_frame   0x0000000000000bd4      0x14c ./Drivers/STM32F4xx_HAL_Driver/Src/stm32f4xx_hal_gpio.o
 .debug_frame   0x0000000000000d20      0x1f4 ./Drivers/STM32F4xx_HAL_Driver/Src/stm32f4xx_hal_rcc.o
 .debug_frame   0x0000000000000f14      0x824 ./Drivers/STM32F4xx_HAL_Driver/Src/stm32f4xx_hal_spi.o
 .debug_frame   0x0000000000001738     0x11c4 ./Drivers/STM32F4xx_HAL_Driver/Src/stm32f4xx_hal_tim.o
 .debug_frame   0x00000000000028fc      0x638 ./Drivers/STM32F4xx_HAL_Driver/Src/stm32f4xx_hal_tim_ex.o
 .debug_frame   0x0000000000002f34       0xd8 ./FreeRTOS/list.o
 .debug_frame   0x000000000000300c      0x530 ./FreeRTOS/queue.o
 .debug_frame   0x000000000000353c      0x854 ./FreeRTOS/tasks.o
 .debug_frame   0x0000000000003d90      0x368 ./FreeRTOS/timers.o
 .debug_frame   0x00000000000040f8      0x1a8 ./FreeRTOS/portable/ARM_CM4F/port.o
 .debug_frame   0x00000000000042a0      0x108 ./FreeRTOS/portable/MemMang/heap_4.o
 .debug_frame   0x00000000000043a8       0x2c c:/st/stm32cubeide_1.11.0/stm32cubeide/plugins/com.st.stm32cube.ide.mcu.externaltools.gnu-tools-for-stm32.10.3-2021.10.win32_1.0.100.202210260954/tools/bin/../lib/gcc/arm-none-eabi/10.3.1/../../../../arm-none-eabi/lib/thumb/v7e-m+fp/hard\libc_nano.a(lib_a-init.o)
 .debug_frame   0x00000000000043d4       0x28 c:/st/stm32cubeide_1.11.0/stm32cubeide/plugins/com.st.stm32cube.ide.mcu.externaltools.gnu-tools-for-stm32.10.3-2021.10.win32_1.0.100.202210260954/tools/bin/../lib/gcc/arm-none-eabi/10.3.1/../../../../arm-none-eabi/lib/thumb/v7e-m+fp/hard\libc_nano.a(lib_a-memcpy-stub.o)
 .debug_frame   0x00000000000043fc       0x20 c:/st/stm32cubeide_1.11.0/stm32cubeide/plugins/com.st.stm32cube.ide.mcu.externaltools.gnu-tools-for-stm32.10.3-2021.10.win32_1.0.100.202210260954/tools/bin/../lib/gcc/arm-none-eabi/10.3.1/../../../../arm-none-eabi/lib/thumb/v7e-m+fp/hard\libc_nano.a(lib_a-memset.o)
 .debug_frame   0x000000000000441c       0x2c c:/st/stm32cubeide_1.11.0/stm32cubeide/plugins/com.st.stm32cube.ide.mcu.externaltools.gnu-tools-for-stm32.10.3-2021.10.win32_1.0.100.202210260954/tools/bin/../lib/gcc/arm-none-eabi/10.3.1/thumb/v7e-m+fp/hard\libgcc.a(_aeabi_uldivmod.o)
 .debug_frame   0x0000000000004448       0x34 c:/st/stm32cubeide_1.11.0/stm32cubeide/plugins/com.st.stm32cube.ide.mcu.externaltools.gnu-tools-for-stm32.10.3-2021.10.win32_1.0.100.202210260954/tools/bin/../lib/gcc/arm-none-eabi/10.3.1/thumb/v7e-m+fp/hard\libgcc.a(_udivmoddi4.o)
