../Core/Src/main.c:85:6:MEMS_Write	16	static
../Core/Src/main.c:92:6:MEMS_Read	16	static
../Core/Src/main.c:112:6:SensorInit	8	static
../Core/Src/main.c:125:6:Green_LED_Task	16	static
../Core/Src/main.c:139:6:vHandlerTask	24	static
../Core/Src/main.c:163:6:HAL_GPIO_EXTI_Callback	24	static,ignoring_inline_asm
../Core/Src/main.c:180:5:main	16	static
../Core/Src/main.c:244:6:SystemClock_Config	88	static
../Core/Src/main.c:289:13:MX_SPI1_Init	8	static
../Core/Src/main.c:327:13:MX_GPIO_Init	56	static
../Core/Src/main.c:468:6:HAL_TIM_PeriodElapsedCallback	16	static
../Core/Src/main.c:485:6:Error_Handler	4	static,ignoring_inline_asm
